// Jest Snapshot v1, https://goo.gl/fbAQLP

exports[`ProductCard snapshot should have img 1`] = `
<DocumentFragment>
  <div
    class="product-card"
  >
    <div
      class="product-card__text"
    >
      <h2
        class="product-card__name"
      >
        string
      </h2>
      <div
        class="product-card__description"
      >
        string
      </div>
      <h1
        class="product-card__price"
      >
        999 ₽
      </h1>
      <div
        class="product-card__category"
        data-testid="product-card__category"
      >
        Электроника
      </div>
    </div>
    <img
      alt="string"
      class="product-card__image"
      data-testid="product-card__image"
      src="string"
    />
  </div>
</DocumentFragment>
`;

exports[`ProductCard snapshot shouldnt have img 1`] = `
<DocumentFragment>
  <div
    class="product-card"
  >
    <div
      class="product-card__text"
    >
      <h2
        class="product-card__name"
      >
        string
      </h2>
      <div
        class="product-card__description"
      >
        string
      </div>
      <h1
        class="product-card__price"
      >
        999 ₽
      </h1>
      <div
        class="product-card__category"
        data-testid="product-card__category"
      >
        Электроника
      </div>
    </div>
  </div>
</DocumentFragment>
`;
